// Jest Snapshot v1, https://goo.gl/fbAQLP

exports[`Checkbox should render correctly 1`] = `
<div
  id="twizzle-checkbox-container"
  style="display: flex; align-items: center; padding: 10px;"
>
  <input
    id="twizzle-checkbox"
    style="background-color: yellow; margin-right: 10px;"
    type="checkbox"
  />
  <div
    class="twizzle-typography"
    contenteditable="false"
    style="cursor: pointer; font-style: normal; font-family: sans-serif; font-weight: normal; color: black;"
  >
    <p
      style="font-size: 0.875rem;"
    >
       
       
    </p>
  </div>
</div>
`;
