// Jest Snapshot v1, https://goo.gl/fbAQLP

exports[`Toggle component should render correctly 1`] = `
<div>
  <div
    aria-label="Toggle"
    class="sc-bczRLJ bdPuHO"
    id="twizzle-toggle-switch"
    role="switch"
  >
    <input
      class="sc-gsnTZi dVGgFM"
      id="twizzle-toggle"
      type="checkbox"
    />
    <label
      class="sc-dkzDqf kBJkla"
      for="twizzle-toggle"
      style="background-color: rgb(211, 211, 211);"
    />
  </div>
</div>
`;
